// Jest Snapshot v1, https://goo.gl/fbAQLP

exports[`TodoList Component should render correctly and match snapshot 1`] = `
<div>
  <ToggleButtons
    setFilter={[Function]}
  />
  <ForwardRef(List) />
</div>
`;
